time 00:00
██████████ ██████████    ██████████ ██████████
██████████ ██████████    ██████████ ██████████
██      ██ ██      ██    ██      ██ ██      ██
██      ██ ██      ██    ██      ██ ██      ██
██      ██ ██      ██ •• ██      ██ ██      ██
██      ██ ██      ██ •• ██      ██ ██      ██
██      ██ ██      ██    ██      ██ ██      ██
██      ██ ██      ██    ██      ██ ██      ██
██      ██ ██      ██ •• ██      ██ ██      ██
██      ██ ██      ██ •• ██      ██ ██      ██
██      ██ ██      ██    ██      ██ ██      ██
██      ██ ██      ██    ██      ██ ██      ██
██████████ ██████████    ██████████ ██████████
██████████ ██████████    ██████████ ██████████

time 09:59
██████████ ██████████    ██████████ ██████████
██████████ ██████████    ██████████ ██████████
██      ██ ██      ██    ██         ██      ██
██      ██ ██      ██    ██         ██      ██
██      ██ ██      ██ •• ██         ██      ██
██      ██ ██      ██ •• ██         ██      ██
██      ██ ██████████    ██████████ ██████████
██      ██ ██████████    ██████████ ██████████
██      ██         ██ ••         ██         ██
██      ██         ██ ••         ██         ██
██      ██         ██            ██         ██
██      ██         ██            ██         ██
██████████ ██████████    ██████████ ██████████
██████████ ██████████    ██████████ ██████████

time 25:00
██████████ ██████████    ██████████ ██████████
██████████ ██████████    ██████████ ██████████
        ██ ██            ██      ██ ██      ██
        ██ ██            ██      ██ ██      ██
        ██ ██         •• ██      ██ ██      ██
        ██ ██         •• ██      ██ ██      ██
██████████ ██████████    ██      ██ ██      ██
██████████ ██████████    ██      ██ ██      ██
██                 ██ •• ██      ██ ██      ██
██                 ██ •• ██      ██ ██      ██
██                 ██    ██      ██ ██      ██
██                 ██    ██      ██ ██      ██
██████████ ██████████    ██████████ ██████████
██████████ ██████████    ██████████ ██████████

time 59:59
██████████ ██████████    ██████████ ██████████
██████████ ██████████    ██████████ ██████████
██         ██      ██    ██         ██      ██
██         ██      ██    ██         ██      ██
██         ██      ██ •• ██         ██      ██
██         ██      ██ •• ██         ██      ██
██████████ ██████████    ██████████ ██████████
██████████ ██████████    ██████████ ██████████
        ██         ██ ••         ██         ██
        ██         ██ ••         ██         ██
        ██         ██            ██         ██
        ██         ██            ██         ██
██████████ ██████████    ██████████ ██████████
██████████ ██████████    ██████████ ██████████
